// Jest Snapshot v1, https://goo.gl/fbAQLP

exports[`expectSaga forces compiler errors when invalid types are used 1`] = `
Array [
  Object {
    "character": 27,
    "fileName": "expectSaga-test.ts",
    "line": 42,
    "message": "Argument of type '(state: { text: string; }) => string' is not assignable to parameter of type '(state: CountReducerState) => string'.
  Types of parameters 'state' and 'state' are incompatible.
    Property 'text' is missing in type 'CountReducerState' but required in type '{ text: string; }'.",
  },
  Object {
    "character": 53,
    "fileName": "expectSaga-test.ts",
    "line": 55,
    "message": "Argument of type '5' is not assignable to parameter of type 'boolean'.",
  },
  Object {
    "character": 20,
    "fileName": "expectSaga-test.ts",
    "line": 56,
    "message": "Argument of type 'Action<{ notText: string; }>' is not assignable to parameter of type 'Action<{ text: string; }>'.
  Property 'text' is missing in type '{ notText: string; }' but required in type '{ text: string; }'.",
  },
  Object {
    "character": 24,
    "fileName": "expectSaga-test.ts",
    "line": 65,
    "message": "Type 'string' is not assignable to type 'number'.",
  },
]
`;
