// Jest Snapshot v1, https://goo.gl/fbAQLP

exports[`Test forces compiler errors when invalid types are used 1`] = `
Array [
  Object {
    "character": 9,
    "fileName": "redux-test.ts",
    "line": 2,
    "message": "Module '\\"../../lib\\"' has no exported member 'testSagaWithState'.",
  },
  Object {
    "character": 49,
    "fileName": "redux-test.ts",
    "line": 2,
    "message": "Module '\\"../../lib\\"' has no exported member 'calls'.",
  },
  Object {
    "character": 56,
    "fileName": "redux-test.ts",
    "line": 2,
    "message": "Module '\\"../../lib\\"' has no exported member 'selects'.",
  },
  Object {
    "character": 27,
    "fileName": "redux-test.ts",
    "line": 41,
    "message": "Argument of type '(state: { text: string; }) => string' is not assignable to parameter of type '(state: CountReducerState) => string'.
  Types of parameters 'state' and 'state' are incompatible.
    Property 'text' is missing in type 'CountReducerState' but required in type '{ text: string; }'.",
  },
]
`;
